// Jest Snapshot v1, https://goo.gl/fbAQLP

exports[`PasswordStrengthValidator - Full Suite matches snapshot 1`] = `
<View
  style={
    {
      "backgroundColor": "white",
      "borderRadius": 10,
      "margin": 16,
      "padding": 20,
    }
  }
>
  <Text
    style={
      {
        "color": "black",
        "fontSize": 18,
        "fontWeight": "bold",
        "marginBottom": 10,
      }
    }
  >
    Password
  </Text>
  <TextInput
    onChangeText={[Function]}
    placeholder="Enter password"
    placeholderTextColor="#aaa"
    secureTextEntry={true}
    style={
      {
        "backgroundColor": "white",
        "borderColor": "grey",
        "borderRadius": 4,
        "borderWidth": 1,
        "color": "black",
        "marginBottom": 10,
        "padding": 10,
      }
    }
    value=""
  />
  <View
    style={
      {
        "marginVertical": 10,
      }
    }
  >
    <View
      style={
        {
          "backgroundColor": "#ddd",
          "borderRadius": 4,
          "height": 8,
          "overflow": "hidden",
        }
      }
    >
      <View
        style={
          [
            {
              "borderRadius": 4,
              "height": 8,
            },
            {
              "backgroundColor": "#e74c3c",
              "width": "0%",
            },
          ]
        }
        testID="strength-bar-fill"
      />
    </View>
    <Text
      style={
        [
          {
            "fontWeight": "bold",
            "marginTop": 4,
          },
          {
            "color": "#e74c3c",
          },
        ]
      }
    >
      Strength: 
      Weak
    </Text>
  </View>
  <Text
    style={
      {
        "color": "#B7B7B7",
        "fontSize": 13,
      }
    }
  >
    . Please enter a password
  </Text>
  <View
    style={
      {
        "marginVertical": 10,
      }
    }
  >
    <Text
      style={
        [
          {
            "fontSize": 14,
            "marginBottom": 2,
          },
          {
            "color": "red",
          },
        ]
      }
    >
      ✗
       
      Minimum length (8)
    </Text>
    <Text
      style={
        [
          {
            "fontSize": 14,
            "marginBottom": 2,
          },
          {
            "color": "red",
          },
        ]
      }
    >
      ✗
       
      Contains uppercase
    </Text>
    <Text
      style={
        [
          {
            "fontSize": 14,
            "marginBottom": 2,
          },
          {
            "color": "red",
          },
        ]
      }
    >
      ✗
       
      Contains lowercase
    </Text>
    <Text
      style={
        [
          {
            "fontSize": 14,
            "marginBottom": 2,
          },
          {
            "color": "red",
          },
        ]
      }
    >
      ✗
       
      Contains numbers
    </Text>
    <Text
      style={
        [
          {
            "fontSize": 14,
            "marginBottom": 2,
          },
          {
            "color": "red",
          },
        ]
      }
    >
      ✗
       
      Contains special characters
    </Text>
    <Text
      style={
        [
          {
            "fontSize": 14,
            "marginBottom": 2,
          },
          {
            "color": "red",
          },
        ]
      }
    >
      ✗
       
      No repeated characters
    </Text>
    <Text
      style={
        [
          {
            "fontSize": 14,
            "marginBottom": 2,
          },
          {
            "color": "red",
          },
        ]
      }
    >
      ✗
       
      No common patterns
    </Text>
  </View>
</View>
`;
